// Jest Snapshot v1, https://goo.gl/fbAQLP

exports[`just a test should render App 1`] = `
<div
  class="App"
>
  <header
    class="header ant-layout-header"
  >
    <span
      class="logo"
    >
      <a
        class="home"
        href="/"
      >
        « quoi »
      </a>
    </span>
    <nav>
      <ul>
        <li>
          <a
            href="/about"
          >
            about
          </a>
        </li>
      </ul>
    </nav>
    <button
      class="ant-btn languageUIToggle ant-btn-background-ghost"
      data-testid="languageUIToggle"
      type="button"
    >
      <span>
        languageToggle
      </span>
    </button>
  </header>
  <main
    class="main ant-layout-content"
  >
    <hgroup
      class="titleHeader"
    >
      <h1
        id="title"
      >
         
        « quoi »
         
      </h1>
      <h2
        id="slogan"
      >
         
        slogan
         
      </h2>
    </hgroup>
    <div
      class="searchContainer"
    >
      <button
        class="ant-btn dictionaryToggle ant-btn-primary"
        data-testid="dictionaryToggle"
        type="button"
      >
        <span>
          toggleLabel_en-fr
        </span>
        <i
          aria-label="icon: swap"
          class="anticon anticon-swap"
        >
          <svg
            aria-hidden="true"
            class=""
            data-icon="swap"
            fill="currentColor"
            focusable="false"
            height="1em"
            viewBox="64 64 896 896"
            width="1em"
          >
            <path
              d="M847.9 592H152c-4.4 0-8 3.6-8 8v60c0 4.4 3.6 8 8 8h605.2L612.9 851c-4.1 5.2-.4 13 6.3 13h72.5c4.9 0 9.5-2.2 12.6-6.1l168.8-214.1c16.5-21 1.6-51.8-25.2-51.8zM872 356H266.8l144.3-183c4.1-5.2.4-13-6.3-13h-72.5c-4.9 0-9.5 2.2-12.6 6.1L150.9 380.2c-16.5 21-1.6 51.8 25.1 51.8h696c4.4 0 8-3.6 8-8v-60c0-4.4-3.6-8-8-8z"
            />
          </svg>
        </i>
      </button>
      <span
        class="ant-input-search searchbar ant-input-affix-wrapper ant-input-affix-wrapper-lg"
      >
        <input
          class="ant-input ant-input-lg"
          placeholder="searchbarPlaceholder"
          type="text"
          value=""
        />
        <span
          class="ant-input-suffix"
        >
          <i
            aria-label="icon: search"
            class="anticon anticon-search ant-input-search-icon"
            tabindex="-1"
          >
            <svg
              aria-hidden="true"
              class=""
              data-icon="search"
              fill="currentColor"
              focusable="false"
              height="1em"
              viewBox="64 64 896 896"
              width="1em"
            >
              <path
                d="M909.6 854.5L649.9 594.8C690.2 542.7 712 479 712 412c0-80.2-31.3-155.4-87.9-212.1-56.6-56.7-132-87.9-212.1-87.9s-155.5 31.3-212.1 87.9C143.2 256.5 112 331.8 112 412c0 80.1 31.3 155.5 87.9 212.1C256.5 680.8 331.8 712 412 712c67 0 130.6-21.8 182.7-62l259.7 259.6a8.2 8.2 0 0 0 11.6 0l43.6-43.5a8.2 8.2 0 0 0 0-11.6zM570.4 570.4C528 612.7 471.8 636 412 636s-116-23.3-158.4-65.6C211.3 528 188 471.8 188 412s23.3-116.1 65.6-158.4C296 211.3 352.2 188 412 188s116.1 23.2 158.4 65.6S636 352.2 636 412s-23.3 116.1-65.6 158.4z"
              />
            </svg>
          </i>
        </span>
      </span>
    </div>
  </main>
  <footer
    class="footer ant-layout-footer"
  >
    <div
      class="github"
    >
      <i
        aria-label="icon: github"
        class="anticon anticon-github github-logo"
      >
        <svg
          aria-hidden="true"
          class=""
          data-icon="github"
          fill="currentColor"
          focusable="false"
          height="1em"
          viewBox="64 64 896 896"
          width="1em"
        >
          <path
            d="M511.6 76.3C264.3 76.2 64 276.4 64 523.5 64 718.9 189.3 885 363.8 946c23.5 5.9 19.9-10.8 19.9-22.2v-77.5c-135.7 15.9-141.2-73.9-150.3-88.9C215 726 171.5 718 184.5 703c30.9-15.9 62.4 4 98.9 57.9 26.4 39.1 77.9 32.5 104 26 5.7-23.5 17.9-44.5 34.7-60.8-140.6-25.2-199.2-111-199.2-213 0-49.5 16.3-95 48.3-131.7-20.4-60.5 1.9-112.3 4.9-120 58.1-5.2 118.5 41.6 123.2 45.3 33-8.9 70.7-13.6 112.9-13.6 42.4 0 80.2 4.9 113.5 13.9 11.3-8.6 67.3-48.8 121.3-43.9 2.9 7.7 24.7 58.3 5.5 118 32.4 36.8 48.9 82.7 48.9 132.3 0 102.2-59 188.1-200 212.9a127.5 127.5 0 0 1 38.1 91v112.5c.8 9 0 17.9 15 17.9 177.1-59.7 304.6-227 304.6-424.1 0-247.2-200.4-447.3-447.5-447.3z"
          />
        </svg>
      </i>
      <a
        href="https://github.com/kpatenio"
        id="github-profile"
        rel="noopener noreferrer"
        target="_blank"
      >
        kpatenio
      </a>
    </div>
    <div
      class="api-footer"
    >
       
      <p
        id="api-message"
      >
         
        footer
        : 
        <span
          id="api-copyright"
        >
          www.Collinsdictionary.com © HarperCollins Publishers Ltd 2014 
        </span>
      </p>
    </div>
  </footer>
</div>
`;
